// Jest Snapshot v1, https://goo.gl/fbAQLP

exports[`Should render MoviesList component 1`] = `
<div
  className="catalog__movies-list"
>
  <article
    className="small-movie-card catalog__movies-card"
    onMouseOver={[Function]}
  >
    <div
      className="small-movie-card__image"
    >
      <img
        alt="Star Wars: A New Hope"
        height="175"
        src="https://www.gstatic.com/tv/thumb/v22vodart/4407/p4407_v_v8_be.jpg/images?q=tbn:ANd9GcSkmMH-bEDUS2TmK8amBqgIMgrfzN1_mImChPuMrunA1XjNTSKm"
        width="280"
      />
    </div>
    <h3
      className="small-movie-card__title"
      onClick={[Function]}
    >
      <a
        className="small-movie-card__link"
        href="movie-page.html"
      >
        Star Wars: A New Hope
      </a>
    </h3>
  </article>
  <article
    className="small-movie-card catalog__movies-card"
    onMouseOver={[Function]}
  >
    <div
      className="small-movie-card__image"
    >
      <img
        alt="2001: A Space Odyssey"
        height="175"
        src="https://encrypted-tbn0.gstatic.com/images?q=tbn:ANd9GcQdmmLZ7lXsw1WRy7c5qN3mka2e9ANSpHIG2INi53P6OVS8KyJo/images?q=tbn:ANd9GcRz_2nKTNlxhVtzbh29kgL3m2ebLv3TlYyzrbyqBtEUxt6mBuZ-"
        width="280"
      />
    </div>
    <h3
      className="small-movie-card__title"
      onClick={[Function]}
    >
      <a
        className="small-movie-card__link"
        href="movie-page.html"
      >
        2001: A Space Odyssey
      </a>
    </h3>
  </article>
  <article
    className="small-movie-card catalog__movies-card"
    onMouseOver={[Function]}
  >
    <div
      className="small-movie-card__image"
    >
      <img
        alt="Goodfellas"
        height="175"
        src="https://encrypted-tbn0.gstatic.com/images?q=tbn:ANd9GcSkuxYKBhyPQq4e_cbYRDfZRjWkUx2GIKlUpUkHiuVeLg2GhN0D"
        width="280"
      />
    </div>
    <h3
      className="small-movie-card__title"
      onClick={[Function]}
    >
      <a
        className="small-movie-card__link"
        href="movie-page.html"
      >
        Goodfellas
      </a>
    </h3>
  </article>
  <article
    className="small-movie-card catalog__movies-card"
    onMouseOver={[Function]}
  >
    <div
      className="small-movie-card__image"
    >
      <img
        alt="Taxi Driver"
        height="175"
        src="https://encrypted-tbn1.gstatic.com/images?q=tbn:ANd9GcQ4QYpWCQ5pareSyOO3YNI3YsOmAeF4qcRDwHCDwf3-a3F0Y7N6/images?q=tbn:ANd9GcTLgFST-pqPgU9CcWUDE4xqqgSxB1n7dulszo08FjRyXyCxV8TH"
        width="280"
      />
    </div>
    <h3
      className="small-movie-card__title"
      onClick={[Function]}
    >
      <a
        className="small-movie-card__link"
        href="movie-page.html"
      >
        Taxi Driver
      </a>
    </h3>
  </article>
  <article
    className="small-movie-card catalog__movies-card"
    onMouseOver={[Function]}
  >
    <div
      className="small-movie-card__image"
    >
      <img
        alt="Casablanca"
        height="175"
        src="https://encrypted-tbn3.gstatic.com/images?q=tbn:ANd9GcRlIHtgWeQQsiZaY5iw_A5FTDeKr7bNFWo1W_zObm0h_ti2Yk0V"
        width="280"
      />
    </div>
    <h3
      className="small-movie-card__title"
      onClick={[Function]}
    >
      <a
        className="small-movie-card__link"
        href="movie-page.html"
      >
        Casablanca
      </a>
    </h3>
  </article>
</div>
`;
